// Jest Snapshot v1, https://goo.gl/fbAQLP

exports[`renders with the correct props 1`] = `
<form
  className="form-inline"
  onSubmit={[Function]}
>
  <div
    className="form-group"
  >
    <input
      className="form-control"
      disabled={false}
      onChange={[Function]}
      placeholder="Add news source"
      type="text"
      value="newSource"
    />
  </div>
  <button
    className="btn btn-success"
    disabled={false}
    type="submit"
  >
    Add
  </button>
</form>
`;
